// Jest Snapshot v1, https://goo.gl/fbAQLP

exports[`renders app 1`] = `
<div
  className="App"
>
  <svg
    className="grid"
    height={950}
    version="1.1"
    viewBox="-50 -50 100 100"
    width={1900}
    xmlns="http://www.w3.org/2000/svg"
  >
    <g>
      <g
        className="hexagon-group"
        draggable="true"
        onClick={[Function]}
        onDragEnd={[Function]}
        onDragOver={[Function]}
        onDragStart={[Function]}
        onDrop={[Function]}
        onMouseEnter={[Function]}
        onMouseLeave={[Function]}
        onMouseOver={[Function]}
        transform="translate(-23.625, -13.639900109604909)"
      >
        <g
          className="hexagon"
        >
          <polygon
            fill={null}
            points="5,0 2.5000000000000004,4.330127018922193 -2.499999999999999,4.330127018922194 -5,6.123233995736766e-16 -2.500000000000002,-4.330127018922193 2.5000000000000004,-4.330127018922193"
          />
        </g>
      </g>
      <g
        className="hexagon-group"
        draggable="true"
        onClick={[Function]}
        onDragEnd={[Function]}
        onDragOver={[Function]}
        onDragStart={[Function]}
        onDrop={[Function]}
        onMouseEnter={[Function]}
        onMouseLeave={[Function]}
        onMouseOver={[Function]}
        transform="translate(-23.625, -4.546633369868305)"
      >
        <g
          className="hexagon"
        >
          <polygon
            fill={null}
            points="5,0 2.5000000000000004,4.330127018922193 -2.499999999999999,4.330127018922194 -5,6.123233995736766e-16 -2.500000000000002,-4.330127018922193 2.5000000000000004,-4.330127018922193"
          />
        </g>
      </g>
      <g
        className="hexagon-group"
        draggable="true"
        onClick={[Function]}
        onDragEnd={[Function]}
        onDragOver={[Function]}
        onDragStart={[Function]}
        onDrop={[Function]}
        onMouseEnter={[Function]}
        onMouseLeave={[Function]}
        onMouseOver={[Function]}
        transform="translate(-23.625, 4.546633369868301)"
      >
        <g
          className="hexagon"
        >
          <polygon
            fill={null}
            points="5,0 2.5000000000000004,4.330127018922193 -2.499999999999999,4.330127018922194 -5,6.123233995736766e-16 -2.500000000000002,-4.330127018922193 2.5000000000000004,-4.330127018922193"
          />
        </g>
      </g>
      <g
        className="hexagon-group"
        draggable="true"
        onClick={[Function]}
        onDragEnd={[Function]}
        onDragOver={[Function]}
        onDragStart={[Function]}
        onDrop={[Function]}
        onMouseEnter={[Function]}
        onMouseLeave={[Function]}
        onMouseOver={[Function]}
        transform="translate(-23.625, 13.639900109604909)"
      >
        <g
          className="hexagon"
        >
          <polygon
            fill={null}
            points="5,0 2.5000000000000004,4.330127018922193 -2.499999999999999,4.330127018922194 -5,6.123233995736766e-16 -2.500000000000002,-4.330127018922193 2.5000000000000004,-4.330127018922193"
          />
        </g>
      </g>
      <g
        className="hexagon-group"
        draggable="true"
        onClick={[Function]}
        onDragEnd={[Function]}
        onDragOver={[Function]}
        onDragStart={[Function]}
        onDrop={[Function]}
        onMouseEnter={[Function]}
        onMouseLeave={[Function]}
        onMouseOver={[Function]}
        transform="translate(-15.75, -18.186533479473212)"
      >
        <g
          className="hexagon"
        >
          <polygon
            fill={null}
            points="5,0 2.5000000000000004,4.330127018922193 -2.499999999999999,4.330127018922194 -5,6.123233995736766e-16 -2.500000000000002,-4.330127018922193 2.5000000000000004,-4.330127018922193"
          />
        </g>
      </g>
      <g
        className="hexagon-group"
        draggable="true"
        onClick={[Function]}
        onDragEnd={[Function]}
        onDragOver={[Function]}
        onDragStart={[Function]}
        onDrop={[Function]}
        onMouseEnter={[Function]}
        onMouseLeave={[Function]}
        onMouseOver={[Function]}
        transform="translate(-15.75, -9.093266739736606)"
      >
        <g
          className="hexagon"
        >
          <polygon
            fill={null}
            points="5,0 2.5000000000000004,4.330127018922193 -2.499999999999999,4.330127018922194 -5,6.123233995736766e-16 -2.500000000000002,-4.330127018922193 2.5000000000000004,-4.330127018922193"
          />
        </g>
      </g>
      <g
        className="hexagon-group"
        draggable="true"
        onClick={[Function]}
        onDragEnd={[Function]}
        onDragOver={[Function]}
        onDragStart={[Function]}
        onDrop={[Function]}
        onMouseEnter={[Function]}
        onMouseLeave={[Function]}
        onMouseOver={[Function]}
        transform="translate(-15.75, 0)"
      >
        <g
          className="hexagon"
        >
          <polygon
            fill={null}
            points="5,0 2.5000000000000004,4.330127018922193 -2.499999999999999,4.330127018922194 -5,6.123233995736766e-16 -2.500000000000002,-4.330127018922193 2.5000000000000004,-4.330127018922193"
          />
        </g>
      </g>
      <g
        className="hexagon-group"
        draggable="true"
        onClick={[Function]}
        onDragEnd={[Function]}
        onDragOver={[Function]}
        onDragStart={[Function]}
        onDrop={[Function]}
        onMouseEnter={[Function]}
        onMouseLeave={[Function]}
        onMouseOver={[Function]}
        transform="translate(-15.75, 9.093266739736606)"
      >
        <g
          className="hexagon"
        >
          <polygon
            fill={null}
            points="5,0 2.5000000000000004,4.330127018922193 -2.499999999999999,4.330127018922194 -5,6.123233995736766e-16 -2.500000000000002,-4.330127018922193 2.5000000000000004,-4.330127018922193"
          />
        </g>
      </g>
      <g
        className="hexagon-group"
        draggable="true"
        onClick={[Function]}
        onDragEnd={[Function]}
        onDragOver={[Function]}
        onDragStart={[Function]}
        onDrop={[Function]}
        onMouseEnter={[Function]}
        onMouseLeave={[Function]}
        onMouseOver={[Function]}
        transform="translate(-15.75, 18.186533479473216)"
      >
        <g
          className="hexagon"
        >
          <polygon
            fill={null}
            points="5,0 2.5000000000000004,4.330127018922193 -2.499999999999999,4.330127018922194 -5,6.123233995736766e-16 -2.500000000000002,-4.330127018922193 2.5000000000000004,-4.330127018922193"
          />
        </g>
      </g>
      <g
        className="hexagon-group"
        draggable="true"
        onClick={[Function]}
        onDragEnd={[Function]}
        onDragOver={[Function]}
        onDragStart={[Function]}
        onDrop={[Function]}
        onMouseEnter={[Function]}
        onMouseLeave={[Function]}
        onMouseOver={[Function]}
        transform="translate(-7.875, -22.73316684934151)"
      >
        <g
          className="hexagon"
        >
          <polygon
            fill={null}
            points="5,0 2.5000000000000004,4.330127018922193 -2.499999999999999,4.330127018922194 -5,6.123233995736766e-16 -2.500000000000002,-4.330127018922193 2.5000000000000004,-4.330127018922193"
          />
        </g>
      </g>
      <g
        className="hexagon-group"
        draggable="true"
        onClick={[Function]}
        onDragEnd={[Function]}
        onDragOver={[Function]}
        onDragStart={[Function]}
        onDrop={[Function]}
        onMouseEnter={[Function]}
        onMouseLeave={[Function]}
        onMouseOver={[Function]}
        transform="translate(-7.875, -13.639900109604909)"
      >
        <g
          className="hexagon"
        >
          <polygon
            fill={null}
            points="5,0 2.5000000000000004,4.330127018922193 -2.499999999999999,4.330127018922194 -5,6.123233995736766e-16 -2.500000000000002,-4.330127018922193 2.5000000000000004,-4.330127018922193"
          />
        </g>
      </g>
      <g
        className="hexagon-group"
        draggable="true"
        onClick={[Function]}
        onDragEnd={[Function]}
        onDragOver={[Function]}
        onDragStart={[Function]}
        onDrop={[Function]}
        onMouseEnter={[Function]}
        onMouseLeave={[Function]}
        onMouseOver={[Function]}
        transform="translate(-7.875, -4.546633369868303)"
      >
        <g
          className="hexagon"
        >
          <polygon
            fill={null}
            points="5,0 2.5000000000000004,4.330127018922193 -2.499999999999999,4.330127018922194 -5,6.123233995736766e-16 -2.500000000000002,-4.330127018922193 2.5000000000000004,-4.330127018922193"
          />
        </g>
      </g>
      <g
        className="hexagon-group"
        draggable="true"
        onClick={[Function]}
        onDragEnd={[Function]}
        onDragOver={[Function]}
        onDragStart={[Function]}
        onDrop={[Function]}
        onMouseEnter={[Function]}
        onMouseLeave={[Function]}
        onMouseOver={[Function]}
        transform="translate(-7.875, 4.546633369868303)"
      >
        <g
          className="hexagon"
        >
          <polygon
            fill={null}
            points="5,0 2.5000000000000004,4.330127018922193 -2.499999999999999,4.330127018922194 -5,6.123233995736766e-16 -2.500000000000002,-4.330127018922193 2.5000000000000004,-4.330127018922193"
          />
        </g>
      </g>
      <g
        className="hexagon-group"
        draggable="true"
        onClick={[Function]}
        onDragEnd={[Function]}
        onDragOver={[Function]}
        onDragStart={[Function]}
        onDrop={[Function]}
        onMouseEnter={[Function]}
        onMouseLeave={[Function]}
        onMouseOver={[Function]}
        transform="translate(-7.875, 13.639900109604909)"
      >
        <g
          className="hexagon"
        >
          <polygon
            fill={null}
            points="5,0 2.5000000000000004,4.330127018922193 -2.499999999999999,4.330127018922194 -5,6.123233995736766e-16 -2.500000000000002,-4.330127018922193 2.5000000000000004,-4.330127018922193"
          />
        </g>
      </g>
      <g
        className="hexagon-group"
        draggable="true"
        onClick={[Function]}
        onDragEnd={[Function]}
        onDragOver={[Function]}
        onDragStart={[Function]}
        onDrop={[Function]}
        onMouseEnter={[Function]}
        onMouseLeave={[Function]}
        onMouseOver={[Function]}
        transform="translate(-7.875, 22.73316684934152)"
      >
        <g
          className="hexagon"
        >
          <polygon
            fill={null}
            points="5,0 2.5000000000000004,4.330127018922193 -2.499999999999999,4.330127018922194 -5,6.123233995736766e-16 -2.500000000000002,-4.330127018922193 2.5000000000000004,-4.330127018922193"
          />
        </g>
      </g>
      <g
        className="hexagon-group"
        draggable="true"
        onClick={[Function]}
        onDragEnd={[Function]}
        onDragOver={[Function]}
        onDragStart={[Function]}
        onDrop={[Function]}
        onMouseEnter={[Function]}
        onMouseLeave={[Function]}
        onMouseOver={[Function]}
        transform="translate(0, -27.279800219209818)"
      >
        <g
          className="hexagon"
        >
          <polygon
            fill={null}
            points="5,0 2.5000000000000004,4.330127018922193 -2.499999999999999,4.330127018922194 -5,6.123233995736766e-16 -2.500000000000002,-4.330127018922193 2.5000000000000004,-4.330127018922193"
          />
        </g>
      </g>
      <g
        className="hexagon-group"
        draggable="true"
        onClick={[Function]}
        onDragEnd={[Function]}
        onDragOver={[Function]}
        onDragStart={[Function]}
        onDrop={[Function]}
        onMouseEnter={[Function]}
        onMouseLeave={[Function]}
        onMouseOver={[Function]}
        transform="translate(0, -18.186533479473212)"
      >
        <g
          className="hexagon"
        >
          <polygon
            fill={null}
            points="5,0 2.5000000000000004,4.330127018922193 -2.499999999999999,4.330127018922194 -5,6.123233995736766e-16 -2.500000000000002,-4.330127018922193 2.5000000000000004,-4.330127018922193"
          />
        </g>
      </g>
      <g
        className="hexagon-group"
        draggable="true"
        onClick={[Function]}
        onDragEnd={[Function]}
        onDragOver={[Function]}
        onDragStart={[Function]}
        onDrop={[Function]}
        onMouseEnter={[Function]}
        onMouseLeave={[Function]}
        onMouseOver={[Function]}
        transform="translate(0, -9.093266739736606)"
      >
        <g
          className="hexagon"
        >
          <polygon
            fill={null}
            points="5,0 2.5000000000000004,4.330127018922193 -2.499999999999999,4.330127018922194 -5,6.123233995736766e-16 -2.500000000000002,-4.330127018922193 2.5000000000000004,-4.330127018922193"
          />
        </g>
      </g>
      <g
        className="hexagon-group"
        draggable="true"
        onClick={[Function]}
        onDragEnd={[Function]}
        onDragOver={[Function]}
        onDragStart={[Function]}
        onDrop={[Function]}
        onMouseEnter={[Function]}
        onMouseLeave={[Function]}
        onMouseOver={[Function]}
        transform="translate(0, 0)"
      >
        <g
          className="hexagon"
        >
          <polygon
            fill={null}
            points="5,0 2.5000000000000004,4.330127018922193 -2.499999999999999,4.330127018922194 -5,6.123233995736766e-16 -2.500000000000002,-4.330127018922193 2.5000000000000004,-4.330127018922193"
          />
        </g>
      </g>
      <g
        className="hexagon-group"
        draggable="true"
        onClick={[Function]}
        onDragEnd={[Function]}
        onDragOver={[Function]}
        onDragStart={[Function]}
        onDrop={[Function]}
        onMouseEnter={[Function]}
        onMouseLeave={[Function]}
        onMouseOver={[Function]}
        transform="translate(0, 9.093266739736606)"
      >
        <g
          className="hexagon"
        >
          <polygon
            fill={null}
            points="5,0 2.5000000000000004,4.330127018922193 -2.499999999999999,4.330127018922194 -5,6.123233995736766e-16 -2.500000000000002,-4.330127018922193 2.5000000000000004,-4.330127018922193"
          />
        </g>
      </g>
      <g
        className="hexagon-group"
        draggable="true"
        onClick={[Function]}
        onDragEnd={[Function]}
        onDragOver={[Function]}
        onDragStart={[Function]}
        onDrop={[Function]}
        onMouseEnter={[Function]}
        onMouseLeave={[Function]}
        onMouseOver={[Function]}
        transform="translate(0, 18.186533479473212)"
      >
        <g
          className="hexagon"
        >
          <polygon
            fill={null}
            points="5,0 2.5000000000000004,4.330127018922193 -2.499999999999999,4.330127018922194 -5,6.123233995736766e-16 -2.500000000000002,-4.330127018922193 2.5000000000000004,-4.330127018922193"
          />
        </g>
      </g>
      <g
        className="hexagon-group"
        draggable="true"
        onClick={[Function]}
        onDragEnd={[Function]}
        onDragOver={[Function]}
        onDragStart={[Function]}
        onDrop={[Function]}
        onMouseEnter={[Function]}
        onMouseLeave={[Function]}
        onMouseOver={[Function]}
        transform="translate(0, 27.279800219209818)"
      >
        <g
          className="hexagon"
        >
          <polygon
            fill={null}
            points="5,0 2.5000000000000004,4.330127018922193 -2.499999999999999,4.330127018922194 -5,6.123233995736766e-16 -2.500000000000002,-4.330127018922193 2.5000000000000004,-4.330127018922193"
          />
        </g>
      </g>
      <g
        className="hexagon-group"
        draggable="true"
        onClick={[Function]}
        onDragEnd={[Function]}
        onDragOver={[Function]}
        onDragStart={[Function]}
        onDrop={[Function]}
        onMouseEnter={[Function]}
        onMouseLeave={[Function]}
        onMouseOver={[Function]}
        transform="translate(7.875, -22.73316684934152)"
      >
        <g
          className="hexagon"
        >
          <polygon
            fill={null}
            points="5,0 2.5000000000000004,4.330127018922193 -2.499999999999999,4.330127018922194 -5,6.123233995736766e-16 -2.500000000000002,-4.330127018922193 2.5000000000000004,-4.330127018922193"
          />
        </g>
      </g>
      <g
        className="hexagon-group"
        draggable="true"
        onClick={[Function]}
        onDragEnd={[Function]}
        onDragOver={[Function]}
        onDragStart={[Function]}
        onDrop={[Function]}
        onMouseEnter={[Function]}
        onMouseLeave={[Function]}
        onMouseOver={[Function]}
        transform="translate(7.875, -13.639900109604909)"
      >
        <g
          className="hexagon"
        >
          <polygon
            fill={null}
            points="5,0 2.5000000000000004,4.330127018922193 -2.499999999999999,4.330127018922194 -5,6.123233995736766e-16 -2.500000000000002,-4.330127018922193 2.5000000000000004,-4.330127018922193"
          />
        </g>
      </g>
      <g
        className="hexagon-group"
        draggable="true"
        onClick={[Function]}
        onDragEnd={[Function]}
        onDragOver={[Function]}
        onDragStart={[Function]}
        onDrop={[Function]}
        onMouseEnter={[Function]}
        onMouseLeave={[Function]}
        onMouseOver={[Function]}
        transform="translate(7.875, -4.546633369868303)"
      >
        <g
          className="hexagon"
        >
          <polygon
            fill={null}
            points="5,0 2.5000000000000004,4.330127018922193 -2.499999999999999,4.330127018922194 -5,6.123233995736766e-16 -2.500000000000002,-4.330127018922193 2.5000000000000004,-4.330127018922193"
          />
        </g>
      </g>
      <g
        className="hexagon-group"
        draggable="true"
        onClick={[Function]}
        onDragEnd={[Function]}
        onDragOver={[Function]}
        onDragStart={[Function]}
        onDrop={[Function]}
        onMouseEnter={[Function]}
        onMouseLeave={[Function]}
        onMouseOver={[Function]}
        transform="translate(7.875, 4.546633369868303)"
      >
        <g
          className="hexagon"
        >
          <polygon
            fill={null}
            points="5,0 2.5000000000000004,4.330127018922193 -2.499999999999999,4.330127018922194 -5,6.123233995736766e-16 -2.500000000000002,-4.330127018922193 2.5000000000000004,-4.330127018922193"
          />
        </g>
      </g>
      <g
        className="hexagon-group"
        draggable="true"
        onClick={[Function]}
        onDragEnd={[Function]}
        onDragOver={[Function]}
        onDragStart={[Function]}
        onDrop={[Function]}
        onMouseEnter={[Function]}
        onMouseLeave={[Function]}
        onMouseOver={[Function]}
        transform="translate(7.875, 13.639900109604909)"
      >
        <g
          className="hexagon"
        >
          <polygon
            fill={null}
            points="5,0 2.5000000000000004,4.330127018922193 -2.499999999999999,4.330127018922194 -5,6.123233995736766e-16 -2.500000000000002,-4.330127018922193 2.5000000000000004,-4.330127018922193"
          />
        </g>
      </g>
      <g
        className="hexagon-group"
        draggable="true"
        onClick={[Function]}
        onDragEnd={[Function]}
        onDragOver={[Function]}
        onDragStart={[Function]}
        onDrop={[Function]}
        onMouseEnter={[Function]}
        onMouseLeave={[Function]}
        onMouseOver={[Function]}
        transform="translate(7.875, 22.73316684934151)"
      >
        <g
          className="hexagon"
        >
          <polygon
            fill={null}
            points="5,0 2.5000000000000004,4.330127018922193 -2.499999999999999,4.330127018922194 -5,6.123233995736766e-16 -2.500000000000002,-4.330127018922193 2.5000000000000004,-4.330127018922193"
          />
        </g>
      </g>
      <g
        className="hexagon-group"
        draggable="true"
        onClick={[Function]}
        onDragEnd={[Function]}
        onDragOver={[Function]}
        onDragStart={[Function]}
        onDrop={[Function]}
        onMouseEnter={[Function]}
        onMouseLeave={[Function]}
        onMouseOver={[Function]}
        transform="translate(15.75, -18.186533479473216)"
      >
        <g
          className="hexagon"
        >
          <polygon
            fill={null}
            points="5,0 2.5000000000000004,4.330127018922193 -2.499999999999999,4.330127018922194 -5,6.123233995736766e-16 -2.500000000000002,-4.330127018922193 2.5000000000000004,-4.330127018922193"
          />
        </g>
      </g>
      <g
        className="hexagon-group"
        draggable="true"
        onClick={[Function]}
        onDragEnd={[Function]}
        onDragOver={[Function]}
        onDragStart={[Function]}
        onDrop={[Function]}
        onMouseEnter={[Function]}
        onMouseLeave={[Function]}
        onMouseOver={[Function]}
        transform="translate(15.75, -9.093266739736606)"
      >
        <g
          className="hexagon"
        >
          <polygon
            fill={null}
            points="5,0 2.5000000000000004,4.330127018922193 -2.499999999999999,4.330127018922194 -5,6.123233995736766e-16 -2.500000000000002,-4.330127018922193 2.5000000000000004,-4.330127018922193"
          />
        </g>
      </g>
      <g
        className="hexagon-group"
        draggable="true"
        onClick={[Function]}
        onDragEnd={[Function]}
        onDragOver={[Function]}
        onDragStart={[Function]}
        onDrop={[Function]}
        onMouseEnter={[Function]}
        onMouseLeave={[Function]}
        onMouseOver={[Function]}
        transform="translate(15.75, 0)"
      >
        <g
          className="hexagon"
        >
          <polygon
            fill={null}
            points="5,0 2.5000000000000004,4.330127018922193 -2.499999999999999,4.330127018922194 -5,6.123233995736766e-16 -2.500000000000002,-4.330127018922193 2.5000000000000004,-4.330127018922193"
          />
        </g>
      </g>
      <g
        className="hexagon-group"
        draggable="true"
        onClick={[Function]}
        onDragEnd={[Function]}
        onDragOver={[Function]}
        onDragStart={[Function]}
        onDrop={[Function]}
        onMouseEnter={[Function]}
        onMouseLeave={[Function]}
        onMouseOver={[Function]}
        transform="translate(15.75, 9.093266739736606)"
      >
        <g
          className="hexagon"
        >
          <polygon
            fill={null}
            points="5,0 2.5000000000000004,4.330127018922193 -2.499999999999999,4.330127018922194 -5,6.123233995736766e-16 -2.500000000000002,-4.330127018922193 2.5000000000000004,-4.330127018922193"
          />
        </g>
      </g>
      <g
        className="hexagon-group"
        draggable="true"
        onClick={[Function]}
        onDragEnd={[Function]}
        onDragOver={[Function]}
        onDragStart={[Function]}
        onDrop={[Function]}
        onMouseEnter={[Function]}
        onMouseLeave={[Function]}
        onMouseOver={[Function]}
        transform="translate(15.75, 18.186533479473212)"
      >
        <g
          className="hexagon"
        >
          <polygon
            fill={null}
            points="5,0 2.5000000000000004,4.330127018922193 -2.499999999999999,4.330127018922194 -5,6.123233995736766e-16 -2.500000000000002,-4.330127018922193 2.5000000000000004,-4.330127018922193"
          />
        </g>
      </g>
      <g
        className="hexagon-group"
        draggable="true"
        onClick={[Function]}
        onDragEnd={[Function]}
        onDragOver={[Function]}
        onDragStart={[Function]}
        onDrop={[Function]}
        onMouseEnter={[Function]}
        onMouseLeave={[Function]}
        onMouseOver={[Function]}
        transform="translate(23.625, -13.639900109604909)"
      >
        <g
          className="hexagon"
        >
          <polygon
            fill={null}
            points="5,0 2.5000000000000004,4.330127018922193 -2.499999999999999,4.330127018922194 -5,6.123233995736766e-16 -2.500000000000002,-4.330127018922193 2.5000000000000004,-4.330127018922193"
          />
        </g>
      </g>
      <g
        className="hexagon-group"
        draggable="true"
        onClick={[Function]}
        onDragEnd={[Function]}
        onDragOver={[Function]}
        onDragStart={[Function]}
        onDrop={[Function]}
        onMouseEnter={[Function]}
        onMouseLeave={[Function]}
        onMouseOver={[Function]}
        transform="translate(23.625, -4.546633369868301)"
      >
        <g
          className="hexagon"
        >
          <polygon
            fill={null}
            points="5,0 2.5000000000000004,4.330127018922193 -2.499999999999999,4.330127018922194 -5,6.123233995736766e-16 -2.500000000000002,-4.330127018922193 2.5000000000000004,-4.330127018922193"
          />
        </g>
      </g>
      <g
        className="hexagon-group"
        draggable="true"
        onClick={[Function]}
        onDragEnd={[Function]}
        onDragOver={[Function]}
        onDragStart={[Function]}
        onDrop={[Function]}
        onMouseEnter={[Function]}
        onMouseLeave={[Function]}
        onMouseOver={[Function]}
        transform="translate(23.625, 4.546633369868305)"
      >
        <g
          className="hexagon"
        >
          <polygon
            fill={null}
            points="5,0 2.5000000000000004,4.330127018922193 -2.499999999999999,4.330127018922194 -5,6.123233995736766e-16 -2.500000000000002,-4.330127018922193 2.5000000000000004,-4.330127018922193"
          />
        </g>
      </g>
      <g
        className="hexagon-group"
        draggable="true"
        onClick={[Function]}
        onDragEnd={[Function]}
        onDragOver={[Function]}
        onDragStart={[Function]}
        onDrop={[Function]}
        onMouseEnter={[Function]}
        onMouseLeave={[Function]}
        onMouseOver={[Function]}
        transform="translate(23.625, 13.639900109604909)"
      >
        <g
          className="hexagon"
        >
          <polygon
            fill={null}
            points="5,0 2.5000000000000004,4.330127018922193 -2.499999999999999,4.330127018922194 -5,6.123233995736766e-16 -2.500000000000002,-4.330127018922193 2.5000000000000004,-4.330127018922193"
          />
        </g>
      </g>
    </g>
    <g>
      <g
        className="hexagon-group"
        draggable="true"
        onClick={[Function]}
        onDragEnd={[Function]}
        onDragOver={[Function]}
        onDragStart={[Function]}
        onDrop={[Function]}
        onMouseEnter={[Function]}
        onMouseLeave={[Function]}
        onMouseOver={[Function]}
        transform="translate(-57.875, 20.453366630131697)"
      >
        <g
          className="hexagon"
        >
          <polygon
            fill={null}
            points="5,0 2.5000000000000004,4.330127018922193 -2.499999999999999,4.330127018922194 -5,6.123233995736766e-16 -2.500000000000002,-4.330127018922193 2.5000000000000004,-4.330127018922193"
          />
        </g>
      </g>
      <g
        className="hexagon-group"
        draggable="true"
        onClick={[Function]}
        onDragEnd={[Function]}
        onDragOver={[Function]}
        onDragStart={[Function]}
        onDrop={[Function]}
        onMouseEnter={[Function]}
        onMouseLeave={[Function]}
        onMouseOver={[Function]}
        transform="translate(-57.875, 29.546633369868303)"
      >
        <g
          className="hexagon"
        >
          <polygon
            fill={null}
            points="5,0 2.5000000000000004,4.330127018922193 -2.499999999999999,4.330127018922194 -5,6.123233995736766e-16 -2.500000000000002,-4.330127018922193 2.5000000000000004,-4.330127018922193"
          />
        </g>
      </g>
      <g
        className="hexagon-group"
        draggable="true"
        onClick={[Function]}
        onDragEnd={[Function]}
        onDragOver={[Function]}
        onDragStart={[Function]}
        onDrop={[Function]}
        onMouseEnter={[Function]}
        onMouseLeave={[Function]}
        onMouseOver={[Function]}
        transform="translate(-50, 15.906733260263394)"
      >
        <g
          className="hexagon"
        >
          <polygon
            fill={null}
            points="5,0 2.5000000000000004,4.330127018922193 -2.499999999999999,4.330127018922194 -5,6.123233995736766e-16 -2.500000000000002,-4.330127018922193 2.5000000000000004,-4.330127018922193"
          />
        </g>
      </g>
      <g
        className="hexagon-group"
        draggable="true"
        onClick={[Function]}
        onDragEnd={[Function]}
        onDragOver={[Function]}
        onDragStart={[Function]}
        onDrop={[Function]}
        onMouseEnter={[Function]}
        onMouseLeave={[Function]}
        onMouseOver={[Function]}
        transform="translate(-50, 25)"
      >
        <g
          className="hexagon"
        >
          <polygon
            fill={null}
            points="5,0 2.5000000000000004,4.330127018922193 -2.499999999999999,4.330127018922194 -5,6.123233995736766e-16 -2.500000000000002,-4.330127018922193 2.5000000000000004,-4.330127018922193"
          />
        </g>
      </g>
      <g
        className="hexagon-group"
        draggable="true"
        onClick={[Function]}
        onDragEnd={[Function]}
        onDragOver={[Function]}
        onDragStart={[Function]}
        onDrop={[Function]}
        onMouseEnter={[Function]}
        onMouseLeave={[Function]}
        onMouseOver={[Function]}
        transform="translate(-50, 34.093266739736606)"
      >
        <g
          className="hexagon"
        >
          <polygon
            fill={null}
            points="5,0 2.5000000000000004,4.330127018922193 -2.499999999999999,4.330127018922194 -5,6.123233995736766e-16 -2.500000000000002,-4.330127018922193 2.5000000000000004,-4.330127018922193"
          />
        </g>
      </g>
      <g
        className="hexagon-group"
        draggable="true"
        onClick={[Function]}
        onDragEnd={[Function]}
        onDragOver={[Function]}
        onDragStart={[Function]}
        onDrop={[Function]}
        onMouseEnter={[Function]}
        onMouseLeave={[Function]}
        onMouseOver={[Function]}
        transform="translate(-42.125, 20.453366630131697)"
      >
        <g
          className="hexagon"
        >
          <polygon
            fill={null}
            points="5,0 2.5000000000000004,4.330127018922193 -2.499999999999999,4.330127018922194 -5,6.123233995736766e-16 -2.500000000000002,-4.330127018922193 2.5000000000000004,-4.330127018922193"
          />
        </g>
      </g>
      <g
        className="hexagon-group"
        draggable="true"
        onClick={[Function]}
        onDragEnd={[Function]}
        onDragOver={[Function]}
        onDragStart={[Function]}
        onDrop={[Function]}
        onMouseEnter={[Function]}
        onMouseLeave={[Function]}
        onMouseOver={[Function]}
        transform="translate(-42.125, 29.546633369868303)"
      >
        <g
          className="hexagon"
        >
          <polygon
            fill={null}
            points="5,0 2.5000000000000004,4.330127018922193 -2.499999999999999,4.330127018922194 -5,6.123233995736766e-16 -2.500000000000002,-4.330127018922193 2.5000000000000004,-4.330127018922193"
          />
        </g>
      </g>
    </g>
    <g>
      <g
        className="hexagon-group"
        draggable="true"
        onClick={[Function]}
        onDragEnd={[Function]}
        onDragOver={[Function]}
        onDragStart={[Function]}
        onDrop={[Function]}
        onMouseEnter={[Function]}
        onMouseLeave={[Function]}
        onMouseOver={[Function]}
        transform="translate(42.125, -29.546633369868303)"
      >
        <g
          className="hexagon"
        >
          <polygon
            fill={null}
            points="5,0 2.5000000000000004,4.330127018922193 -2.499999999999999,4.330127018922194 -5,6.123233995736766e-16 -2.500000000000002,-4.330127018922193 2.5000000000000004,-4.330127018922193"
          />
        </g>
      </g>
      <g
        className="hexagon-group"
        draggable="true"
        onClick={[Function]}
        onDragEnd={[Function]}
        onDragOver={[Function]}
        onDragStart={[Function]}
        onDrop={[Function]}
        onMouseEnter={[Function]}
        onMouseLeave={[Function]}
        onMouseOver={[Function]}
        transform="translate(42.125, -20.453366630131697)"
      >
        <g
          className="hexagon"
        >
          <polygon
            fill={null}
            points="5,0 2.5000000000000004,4.330127018922193 -2.499999999999999,4.330127018922194 -5,6.123233995736766e-16 -2.500000000000002,-4.330127018922193 2.5000000000000004,-4.330127018922193"
          />
        </g>
      </g>
      <g
        className="hexagon-group"
        draggable="true"
        onClick={[Function]}
        onDragEnd={[Function]}
        onDragOver={[Function]}
        onDragStart={[Function]}
        onDrop={[Function]}
        onMouseEnter={[Function]}
        onMouseLeave={[Function]}
        onMouseOver={[Function]}
        transform="translate(50, -34.093266739736606)"
      >
        <g
          className="hexagon"
        >
          <polygon
            fill={null}
            points="5,0 2.5000000000000004,4.330127018922193 -2.499999999999999,4.330127018922194 -5,6.123233995736766e-16 -2.500000000000002,-4.330127018922193 2.5000000000000004,-4.330127018922193"
          />
        </g>
      </g>
      <g
        className="hexagon-group"
        draggable="true"
        onClick={[Function]}
        onDragEnd={[Function]}
        onDragOver={[Function]}
        onDragStart={[Function]}
        onDrop={[Function]}
        onMouseEnter={[Function]}
        onMouseLeave={[Function]}
        onMouseOver={[Function]}
        transform="translate(50, -25)"
      >
        <g
          className="hexagon"
        >
          <polygon
            fill={null}
            points="5,0 2.5000000000000004,4.330127018922193 -2.499999999999999,4.330127018922194 -5,6.123233995736766e-16 -2.500000000000002,-4.330127018922193 2.5000000000000004,-4.330127018922193"
          />
        </g>
      </g>
      <g
        className="hexagon-group"
        draggable="true"
        onClick={[Function]}
        onDragEnd={[Function]}
        onDragOver={[Function]}
        onDragStart={[Function]}
        onDrop={[Function]}
        onMouseEnter={[Function]}
        onMouseLeave={[Function]}
        onMouseOver={[Function]}
        transform="translate(50, -15.906733260263394)"
      >
        <g
          className="hexagon"
        >
          <polygon
            fill={null}
            points="5,0 2.5000000000000004,4.330127018922193 -2.499999999999999,4.330127018922194 -5,6.123233995736766e-16 -2.500000000000002,-4.330127018922193 2.5000000000000004,-4.330127018922193"
          />
        </g>
      </g>
      <g
        className="hexagon-group"
        draggable="true"
        onClick={[Function]}
        onDragEnd={[Function]}
        onDragOver={[Function]}
        onDragStart={[Function]}
        onDrop={[Function]}
        onMouseEnter={[Function]}
        onMouseLeave={[Function]}
        onMouseOver={[Function]}
        transform="translate(57.875, -29.546633369868303)"
      >
        <g
          className="hexagon"
        >
          <polygon
            fill={null}
            points="5,0 2.5000000000000004,4.330127018922193 -2.499999999999999,4.330127018922194 -5,6.123233995736766e-16 -2.500000000000002,-4.330127018922193 2.5000000000000004,-4.330127018922193"
          />
        </g>
      </g>
      <g
        className="hexagon-group"
        draggable="true"
        onClick={[Function]}
        onDragEnd={[Function]}
        onDragOver={[Function]}
        onDragStart={[Function]}
        onDrop={[Function]}
        onMouseEnter={[Function]}
        onMouseLeave={[Function]}
        onMouseOver={[Function]}
        transform="translate(57.875, -20.453366630131697)"
      >
        <g
          className="hexagon"
        >
          <polygon
            fill={null}
            points="5,0 2.5000000000000004,4.330127018922193 -2.499999999999999,4.330127018922194 -5,6.123233995736766e-16 -2.500000000000002,-4.330127018922193 2.5000000000000004,-4.330127018922193"
          />
        </g>
      </g>
    </g>
  </svg>
</div>
`;
