// Jest Snapshot v1, https://goo.gl/fbAQLP

exports[`renders app and matches snapshot matches snapshot 1`] = `
<div
  className="App"
>
  <svg
    className="grid"
    height={950}
    version="1.1"
    viewBox="-50 -50 100 100"
    width={1900}
    xmlns="http://www.w3.org/2000/svg"
  >
    <g
      className="tiles"
    >
      <g
        className="hexagon-group"
        draggable="true"
        onClick={[Function]}
        onDragEnd={[Function]}
        onDragOver={[Function]}
        onDragStart={[Function]}
        onDrop={[Function]}
        onMouseEnter={[Function]}
        onMouseLeave={[Function]}
        onMouseOver={[Function]}
        transform="translate(24.538853128737504, 0)"
      >
        <g
          className="hexagon"
        >
          <polygon
            fill="url(#9553a778-5780-4fb6-ab39-53177ccd32e3)"
            points="6.062177826491071,3.4999999999999996 4.286263797015736e-16,7 -6.062177826491071,3.4999999999999996 -6.062177826491071,-3.4999999999999982 -1.2858791391047208e-15,-7 6.062177826491069,-3.500000000000003"
          />
          <defs>
            <pattern
              height={6}
              id="9553a778-5780-4fb6-ab39-53177ccd32e3"
              patternUnits="objectBoundingBox"
              width={6}
              x={0}
              y={0}
            >
              <image
                height={12}
                width={12}
                x={0}
                xlinkHref="8000.png"
                y={0}
              />
            </pattern>
          </defs>
        </g>
      </g>
      <g
        className="hexagon-group"
        draggable="true"
        onClick={[Function]}
        onDragEnd={[Function]}
        onDragOver={[Function]}
        onDragStart={[Function]}
        onDrop={[Function]}
        onMouseEnter={[Function]}
        onMouseLeave={[Function]}
        onMouseOver={[Function]}
        transform="translate(30.904139846553125, 11.025)"
      >
        <g
          className="hexagon"
        >
          <polygon
            fill="url(#c7e9aa4a-9914-4b58-b54b-da3e127d17c3)"
            points="6.062177826491071,3.4999999999999996 4.286263797015736e-16,7 -6.062177826491071,3.4999999999999996 -6.062177826491071,-3.4999999999999982 -1.2858791391047208e-15,-7 6.062177826491069,-3.500000000000003"
          />
          <defs>
            <pattern
              height={6}
              id="c7e9aa4a-9914-4b58-b54b-da3e127d17c3"
              patternUnits="objectBoundingBox"
              width={6}
              x={0}
              y={0}
            >
              <image
                height={12}
                width={12}
                x={0}
                xlinkHref="8100.png"
                y={0}
              />
            </pattern>
          </defs>
        </g>
      </g>
      <g
        className="hexagon-group"
        draggable="true"
        onClick={[Function]}
        onDragEnd={[Function]}
        onDragOver={[Function]}
        onDragStart={[Function]}
        onDrop={[Function]}
        onMouseEnter={[Function]}
        onMouseLeave={[Function]}
        onMouseOver={[Function]}
        transform="translate(37.26942656436875, 22.05)"
      >
        <g
          className="hexagon"
        >
          <polygon
            fill="url(#d91b7048-7330-4390-9fb2-f805713d4e0f)"
            points="6.062177826491071,3.4999999999999996 4.286263797015736e-16,7 -6.062177826491071,3.4999999999999996 -6.062177826491071,-3.4999999999999982 -1.2858791391047208e-15,-7 6.062177826491069,-3.500000000000003"
          />
          <defs>
            <pattern
              height={6}
              id="d91b7048-7330-4390-9fb2-f805713d4e0f"
              patternUnits="objectBoundingBox"
              width={6}
              x={0}
              y={0}
            >
              <image
                height={12}
                width={12}
                x={0}
                xlinkHref="8200.png"
                y={0}
              />
            </pattern>
          </defs>
        </g>
      </g>
      <g
        className="hexagon-group"
        draggable="true"
        onClick={[Function]}
        onDragEnd={[Function]}
        onDragOver={[Function]}
        onDragStart={[Function]}
        onDrop={[Function]}
        onMouseEnter={[Function]}
        onMouseLeave={[Function]}
        onMouseOver={[Function]}
        transform="translate(30.904139846553125, -11.025)"
      >
        <g
          className="hexagon"
        >
          <polygon
            fill="url(#bfaadbec-0664-4991-8dda-b0572ab4ad1d)"
            points="6.062177826491071,3.4999999999999996 4.286263797015736e-16,7 -6.062177826491071,3.4999999999999996 -6.062177826491071,-3.4999999999999982 -1.2858791391047208e-15,-7 6.062177826491069,-3.500000000000003"
          />
          <defs>
            <pattern
              height={6}
              id="bfaadbec-0664-4991-8dda-b0572ab4ad1d"
              patternUnits="objectBoundingBox"
              width={6}
              x={0}
              y={0}
            >
              <image
                height={12}
                width={12}
                x={0}
                xlinkHref="8300.png"
                y={0}
              />
            </pattern>
          </defs>
        </g>
      </g>
      <g
        className="hexagon-group"
        draggable="true"
        onClick={[Function]}
        onDragEnd={[Function]}
        onDragOver={[Function]}
        onDragStart={[Function]}
        onDrop={[Function]}
        onMouseEnter={[Function]}
        onMouseLeave={[Function]}
        onMouseOver={[Function]}
        transform="translate(37.26942656436875, 0)"
      >
        <g
          className="hexagon"
        >
          <polygon
            fill="url(#f095d108-de67-4e51-9e6b-059dcb04ea36)"
            points="6.062177826491071,3.4999999999999996 4.286263797015736e-16,7 -6.062177826491071,3.4999999999999996 -6.062177826491071,-3.4999999999999982 -1.2858791391047208e-15,-7 6.062177826491069,-3.500000000000003"
          />
          <defs>
            <pattern
              height={6}
              id="f095d108-de67-4e51-9e6b-059dcb04ea36"
              patternUnits="objectBoundingBox"
              width={6}
              x={0}
              y={0}
            >
              <image
                height={12}
                width={12}
                x={0}
                xlinkHref="8400.png"
                y={0}
              />
            </pattern>
          </defs>
        </g>
      </g>
      <g
        className="hexagon-group"
        draggable="true"
        onClick={[Function]}
        onDragEnd={[Function]}
        onDragOver={[Function]}
        onDragStart={[Function]}
        onDrop={[Function]}
        onMouseEnter={[Function]}
        onMouseLeave={[Function]}
        onMouseOver={[Function]}
        transform="translate(43.63471328218438, 11.025)"
      >
        <g
          className="hexagon"
        >
          <polygon
            fill={null}
            points="6.062177826491071,3.4999999999999996 4.286263797015736e-16,7 -6.062177826491071,3.4999999999999996 -6.062177826491071,-3.4999999999999982 -1.2858791391047208e-15,-7 6.062177826491069,-3.500000000000003"
          />
        </g>
      </g>
      <g
        className="hexagon-group"
        draggable="true"
        onClick={[Function]}
        onDragEnd={[Function]}
        onDragOver={[Function]}
        onDragStart={[Function]}
        onDrop={[Function]}
        onMouseEnter={[Function]}
        onMouseLeave={[Function]}
        onMouseOver={[Function]}
        transform="translate(50, 22.05)"
      >
        <g
          className="hexagon"
        >
          <polygon
            fill={null}
            points="6.062177826491071,3.4999999999999996 4.286263797015736e-16,7 -6.062177826491071,3.4999999999999996 -6.062177826491071,-3.4999999999999982 -1.2858791391047208e-15,-7 6.062177826491069,-3.500000000000003"
          />
        </g>
      </g>
      <g
        className="hexagon-group"
        draggable="true"
        onClick={[Function]}
        onDragEnd={[Function]}
        onDragOver={[Function]}
        onDragStart={[Function]}
        onDrop={[Function]}
        onMouseEnter={[Function]}
        onMouseLeave={[Function]}
        onMouseOver={[Function]}
        transform="translate(37.26942656436875, -22.05)"
      >
        <g
          className="hexagon"
        >
          <polygon
            fill={null}
            points="6.062177826491071,3.4999999999999996 4.286263797015736e-16,7 -6.062177826491071,3.4999999999999996 -6.062177826491071,-3.4999999999999982 -1.2858791391047208e-15,-7 6.062177826491069,-3.500000000000003"
          />
        </g>
      </g>
      <g
        className="hexagon-group"
        draggable="true"
        onClick={[Function]}
        onDragEnd={[Function]}
        onDragOver={[Function]}
        onDragStart={[Function]}
        onDrop={[Function]}
        onMouseEnter={[Function]}
        onMouseLeave={[Function]}
        onMouseOver={[Function]}
        transform="translate(43.63471328218438, -11.025)"
      >
        <g
          className="hexagon"
        >
          <polygon
            fill={null}
            points="6.062177826491071,3.4999999999999996 4.286263797015736e-16,7 -6.062177826491071,3.4999999999999996 -6.062177826491071,-3.4999999999999982 -1.2858791391047208e-15,-7 6.062177826491069,-3.500000000000003"
          />
        </g>
      </g>
      <g
        className="hexagon-group"
        draggable="true"
        onClick={[Function]}
        onDragEnd={[Function]}
        onDragOver={[Function]}
        onDragStart={[Function]}
        onDrop={[Function]}
        onMouseEnter={[Function]}
        onMouseLeave={[Function]}
        onMouseOver={[Function]}
        transform="translate(50, 0)"
      >
        <g
          className="hexagon"
        >
          <polygon
            fill={null}
            points="6.062177826491071,3.4999999999999996 4.286263797015736e-16,7 -6.062177826491071,3.4999999999999996 -6.062177826491071,-3.4999999999999982 -1.2858791391047208e-15,-7 6.062177826491069,-3.500000000000003"
          />
        </g>
      </g>
      <g
        className="hexagon-group"
        draggable="true"
        onClick={[Function]}
        onDragEnd={[Function]}
        onDragOver={[Function]}
        onDragStart={[Function]}
        onDrop={[Function]}
        onMouseEnter={[Function]}
        onMouseLeave={[Function]}
        onMouseOver={[Function]}
        transform="translate(56.36528671781562, 11.025)"
      >
        <g
          className="hexagon"
        >
          <polygon
            fill={null}
            points="6.062177826491071,3.4999999999999996 4.286263797015736e-16,7 -6.062177826491071,3.4999999999999996 -6.062177826491071,-3.4999999999999982 -1.2858791391047208e-15,-7 6.062177826491069,-3.500000000000003"
          />
        </g>
      </g>
      <g
        className="hexagon-group"
        draggable="true"
        onClick={[Function]}
        onDragEnd={[Function]}
        onDragOver={[Function]}
        onDragStart={[Function]}
        onDrop={[Function]}
        onMouseEnter={[Function]}
        onMouseLeave={[Function]}
        onMouseOver={[Function]}
        transform="translate(62.73057343563125, 22.05)"
      >
        <g
          className="hexagon"
        >
          <polygon
            fill={null}
            points="6.062177826491071,3.4999999999999996 4.286263797015736e-16,7 -6.062177826491071,3.4999999999999996 -6.062177826491071,-3.4999999999999982 -1.2858791391047208e-15,-7 6.062177826491069,-3.500000000000003"
          />
        </g>
      </g>
      <g
        className="hexagon-group"
        draggable="true"
        onClick={[Function]}
        onDragEnd={[Function]}
        onDragOver={[Function]}
        onDragStart={[Function]}
        onDrop={[Function]}
        onMouseEnter={[Function]}
        onMouseLeave={[Function]}
        onMouseOver={[Function]}
        transform="translate(50, -22.05)"
      >
        <g
          className="hexagon"
        >
          <polygon
            fill={null}
            points="6.062177826491071,3.4999999999999996 4.286263797015736e-16,7 -6.062177826491071,3.4999999999999996 -6.062177826491071,-3.4999999999999982 -1.2858791391047208e-15,-7 6.062177826491069,-3.500000000000003"
          />
        </g>
      </g>
      <g
        className="hexagon-group"
        draggable="true"
        onClick={[Function]}
        onDragEnd={[Function]}
        onDragOver={[Function]}
        onDragStart={[Function]}
        onDrop={[Function]}
        onMouseEnter={[Function]}
        onMouseLeave={[Function]}
        onMouseOver={[Function]}
        transform="translate(56.36528671781562, -11.025)"
      >
        <g
          className="hexagon"
        >
          <polygon
            fill={null}
            points="6.062177826491071,3.4999999999999996 4.286263797015736e-16,7 -6.062177826491071,3.4999999999999996 -6.062177826491071,-3.4999999999999982 -1.2858791391047208e-15,-7 6.062177826491069,-3.500000000000003"
          />
        </g>
      </g>
      <g
        className="hexagon-group"
        draggable="true"
        onClick={[Function]}
        onDragEnd={[Function]}
        onDragOver={[Function]}
        onDragStart={[Function]}
        onDrop={[Function]}
        onMouseEnter={[Function]}
        onMouseLeave={[Function]}
        onMouseOver={[Function]}
        transform="translate(62.73057343563125, 0)"
      >
        <g
          className="hexagon"
        >
          <polygon
            fill={null}
            points="6.062177826491071,3.4999999999999996 4.286263797015736e-16,7 -6.062177826491071,3.4999999999999996 -6.062177826491071,-3.4999999999999982 -1.2858791391047208e-15,-7 6.062177826491069,-3.500000000000003"
          />
        </g>
      </g>
      <g
        className="hexagon-group"
        draggable="true"
        onClick={[Function]}
        onDragEnd={[Function]}
        onDragOver={[Function]}
        onDragStart={[Function]}
        onDrop={[Function]}
        onMouseEnter={[Function]}
        onMouseLeave={[Function]}
        onMouseOver={[Function]}
        transform="translate(69.09586015344688, 11.025)"
      >
        <g
          className="hexagon"
        >
          <polygon
            fill={null}
            points="6.062177826491071,3.4999999999999996 4.286263797015736e-16,7 -6.062177826491071,3.4999999999999996 -6.062177826491071,-3.4999999999999982 -1.2858791391047208e-15,-7 6.062177826491069,-3.500000000000003"
          />
        </g>
      </g>
      <g
        className="hexagon-group"
        draggable="true"
        onClick={[Function]}
        onDragEnd={[Function]}
        onDragOver={[Function]}
        onDragStart={[Function]}
        onDrop={[Function]}
        onMouseEnter={[Function]}
        onMouseLeave={[Function]}
        onMouseOver={[Function]}
        transform="translate(62.73057343563125, -22.05)"
      >
        <g
          className="hexagon"
        >
          <polygon
            fill={null}
            points="6.062177826491071,3.4999999999999996 4.286263797015736e-16,7 -6.062177826491071,3.4999999999999996 -6.062177826491071,-3.4999999999999982 -1.2858791391047208e-15,-7 6.062177826491069,-3.500000000000003"
          />
        </g>
      </g>
      <g
        className="hexagon-group"
        draggable="true"
        onClick={[Function]}
        onDragEnd={[Function]}
        onDragOver={[Function]}
        onDragStart={[Function]}
        onDrop={[Function]}
        onMouseEnter={[Function]}
        onMouseLeave={[Function]}
        onMouseOver={[Function]}
        transform="translate(69.09586015344688, -11.025)"
      >
        <g
          className="hexagon"
        >
          <polygon
            fill={null}
            points="6.062177826491071,3.4999999999999996 4.286263797015736e-16,7 -6.062177826491071,3.4999999999999996 -6.062177826491071,-3.4999999999999982 -1.2858791391047208e-15,-7 6.062177826491069,-3.500000000000003"
          />
        </g>
      </g>
      <g
        className="hexagon-group"
        draggable="true"
        onClick={[Function]}
        onDragEnd={[Function]}
        onDragOver={[Function]}
        onDragStart={[Function]}
        onDrop={[Function]}
        onMouseEnter={[Function]}
        onMouseLeave={[Function]}
        onMouseOver={[Function]}
        transform="translate(75.4611468712625, 0)"
      >
        <g
          className="hexagon"
        >
          <polygon
            fill={null}
            points="6.062177826491071,3.4999999999999996 4.286263797015736e-16,7 -6.062177826491071,3.4999999999999996 -6.062177826491071,-3.4999999999999982 -1.2858791391047208e-15,-7 6.062177826491069,-3.500000000000003"
          />
        </g>
      </g>
    </g>
    <g
      className="teams"
    >
      <g
        className="hexagon-group"
        draggable="true"
        onClick={[Function]}
        onDragEnd={[Function]}
        onDragOver={[Function]}
        onDragStart={[Function]}
        onDrop={[Function]}
        onMouseEnter={[Function]}
        onMouseLeave={[Function]}
        onMouseOver={[Function]}
        transform="translate(-62.73057343563125, -25)"
      >
        <g
          className="hexagon"
        >
          <polygon
            fill={null}
            points="6.062177826491071,3.4999999999999996 4.286263797015736e-16,7 -6.062177826491071,3.4999999999999996 -6.062177826491071,-3.4999999999999982 -1.2858791391047208e-15,-7 6.062177826491069,-3.500000000000003"
          />
        </g>
      </g>
      <g
        className="hexagon-group"
        draggable="true"
        onClick={[Function]}
        onDragEnd={[Function]}
        onDragOver={[Function]}
        onDragStart={[Function]}
        onDrop={[Function]}
        onMouseEnter={[Function]}
        onMouseLeave={[Function]}
        onMouseOver={[Function]}
        transform="translate(-56.36528671781562, -13.975)"
      >
        <g
          className="hexagon"
        >
          <polygon
            fill={null}
            points="6.062177826491071,3.4999999999999996 4.286263797015736e-16,7 -6.062177826491071,3.4999999999999996 -6.062177826491071,-3.4999999999999982 -1.2858791391047208e-15,-7 6.062177826491069,-3.500000000000003"
          />
        </g>
      </g>
      <g
        className="hexagon-group"
        draggable="true"
        onClick={[Function]}
        onDragEnd={[Function]}
        onDragOver={[Function]}
        onDragStart={[Function]}
        onDrop={[Function]}
        onMouseEnter={[Function]}
        onMouseLeave={[Function]}
        onMouseOver={[Function]}
        transform="translate(-56.36528671781562, -36.025)"
      >
        <g
          className="hexagon"
        >
          <polygon
            fill={null}
            points="6.062177826491071,3.4999999999999996 4.286263797015736e-16,7 -6.062177826491071,3.4999999999999996 -6.062177826491071,-3.4999999999999982 -1.2858791391047208e-15,-7 6.062177826491069,-3.500000000000003"
          />
        </g>
      </g>
      <g
        className="hexagon-group"
        draggable="true"
        onClick={[Function]}
        onDragEnd={[Function]}
        onDragOver={[Function]}
        onDragStart={[Function]}
        onDrop={[Function]}
        onMouseEnter={[Function]}
        onMouseLeave={[Function]}
        onMouseOver={[Function]}
        transform="translate(-50, -25)"
      >
        <g
          className="hexagon"
        >
          <polygon
            fill={null}
            points="6.062177826491071,3.4999999999999996 4.286263797015736e-16,7 -6.062177826491071,3.4999999999999996 -6.062177826491071,-3.4999999999999982 -1.2858791391047208e-15,-7 6.062177826491069,-3.500000000000003"
          />
        </g>
      </g>
      <g
        className="hexagon-group"
        draggable="true"
        onClick={[Function]}
        onDragEnd={[Function]}
        onDragOver={[Function]}
        onDragStart={[Function]}
        onDrop={[Function]}
        onMouseEnter={[Function]}
        onMouseLeave={[Function]}
        onMouseOver={[Function]}
        transform="translate(-43.63471328218438, -13.975)"
      >
        <g
          className="hexagon"
        >
          <polygon
            fill={null}
            points="6.062177826491071,3.4999999999999996 4.286263797015736e-16,7 -6.062177826491071,3.4999999999999996 -6.062177826491071,-3.4999999999999982 -1.2858791391047208e-15,-7 6.062177826491069,-3.500000000000003"
          />
        </g>
      </g>
      <g
        className="hexagon-group"
        draggable="true"
        onClick={[Function]}
        onDragEnd={[Function]}
        onDragOver={[Function]}
        onDragStart={[Function]}
        onDrop={[Function]}
        onMouseEnter={[Function]}
        onMouseLeave={[Function]}
        onMouseOver={[Function]}
        transform="translate(-43.63471328218438, -36.025)"
      >
        <g
          className="hexagon"
        >
          <polygon
            fill={null}
            points="6.062177826491071,3.4999999999999996 4.286263797015736e-16,7 -6.062177826491071,3.4999999999999996 -6.062177826491071,-3.4999999999999982 -1.2858791391047208e-15,-7 6.062177826491069,-3.500000000000003"
          />
        </g>
      </g>
      <g
        className="hexagon-group"
        draggable="true"
        onClick={[Function]}
        onDragEnd={[Function]}
        onDragOver={[Function]}
        onDragStart={[Function]}
        onDrop={[Function]}
        onMouseEnter={[Function]}
        onMouseLeave={[Function]}
        onMouseOver={[Function]}
        transform="translate(-37.26942656436875, -25)"
      >
        <g
          className="hexagon"
        >
          <polygon
            fill={null}
            points="6.062177826491071,3.4999999999999996 4.286263797015736e-16,7 -6.062177826491071,3.4999999999999996 -6.062177826491071,-3.4999999999999982 -1.2858791391047208e-15,-7 6.062177826491069,-3.500000000000003"
          />
        </g>
      </g>
    </g>
    <g
      className="teams"
    >
      <g
        className="hexagon-group"
        draggable="true"
        onClick={[Function]}
        onDragEnd={[Function]}
        onDragOver={[Function]}
        onDragStart={[Function]}
        onDrop={[Function]}
        onMouseEnter={[Function]}
        onMouseLeave={[Function]}
        onMouseOver={[Function]}
        transform="translate(-62.73057343563125, 25)"
      >
        <g
          className="hexagon"
        >
          <polygon
            fill={null}
            points="6.062177826491071,3.4999999999999996 4.286263797015736e-16,7 -6.062177826491071,3.4999999999999996 -6.062177826491071,-3.4999999999999982 -1.2858791391047208e-15,-7 6.062177826491069,-3.500000000000003"
          />
        </g>
      </g>
      <g
        className="hexagon-group"
        draggable="true"
        onClick={[Function]}
        onDragEnd={[Function]}
        onDragOver={[Function]}
        onDragStart={[Function]}
        onDrop={[Function]}
        onMouseEnter={[Function]}
        onMouseLeave={[Function]}
        onMouseOver={[Function]}
        transform="translate(-56.36528671781562, 36.025)"
      >
        <g
          className="hexagon"
        >
          <polygon
            fill={null}
            points="6.062177826491071,3.4999999999999996 4.286263797015736e-16,7 -6.062177826491071,3.4999999999999996 -6.062177826491071,-3.4999999999999982 -1.2858791391047208e-15,-7 6.062177826491069,-3.500000000000003"
          />
        </g>
      </g>
      <g
        className="hexagon-group"
        draggable="true"
        onClick={[Function]}
        onDragEnd={[Function]}
        onDragOver={[Function]}
        onDragStart={[Function]}
        onDrop={[Function]}
        onMouseEnter={[Function]}
        onMouseLeave={[Function]}
        onMouseOver={[Function]}
        transform="translate(-56.36528671781562, 13.975)"
      >
        <g
          className="hexagon"
        >
          <polygon
            fill={null}
            points="6.062177826491071,3.4999999999999996 4.286263797015736e-16,7 -6.062177826491071,3.4999999999999996 -6.062177826491071,-3.4999999999999982 -1.2858791391047208e-15,-7 6.062177826491069,-3.500000000000003"
          />
        </g>
      </g>
      <g
        className="hexagon-group"
        draggable="true"
        onClick={[Function]}
        onDragEnd={[Function]}
        onDragOver={[Function]}
        onDragStart={[Function]}
        onDrop={[Function]}
        onMouseEnter={[Function]}
        onMouseLeave={[Function]}
        onMouseOver={[Function]}
        transform="translate(-50, 25)"
      >
        <g
          className="hexagon"
        >
          <polygon
            fill={null}
            points="6.062177826491071,3.4999999999999996 4.286263797015736e-16,7 -6.062177826491071,3.4999999999999996 -6.062177826491071,-3.4999999999999982 -1.2858791391047208e-15,-7 6.062177826491069,-3.500000000000003"
          />
        </g>
      </g>
      <g
        className="hexagon-group"
        draggable="true"
        onClick={[Function]}
        onDragEnd={[Function]}
        onDragOver={[Function]}
        onDragStart={[Function]}
        onDrop={[Function]}
        onMouseEnter={[Function]}
        onMouseLeave={[Function]}
        onMouseOver={[Function]}
        transform="translate(-43.63471328218438, 36.025)"
      >
        <g
          className="hexagon"
        >
          <polygon
            fill={null}
            points="6.062177826491071,3.4999999999999996 4.286263797015736e-16,7 -6.062177826491071,3.4999999999999996 -6.062177826491071,-3.4999999999999982 -1.2858791391047208e-15,-7 6.062177826491069,-3.500000000000003"
          />
        </g>
      </g>
      <g
        className="hexagon-group"
        draggable="true"
        onClick={[Function]}
        onDragEnd={[Function]}
        onDragOver={[Function]}
        onDragStart={[Function]}
        onDrop={[Function]}
        onMouseEnter={[Function]}
        onMouseLeave={[Function]}
        onMouseOver={[Function]}
        transform="translate(-43.63471328218438, 13.975)"
      >
        <g
          className="hexagon"
        >
          <polygon
            fill={null}
            points="6.062177826491071,3.4999999999999996 4.286263797015736e-16,7 -6.062177826491071,3.4999999999999996 -6.062177826491071,-3.4999999999999982 -1.2858791391047208e-15,-7 6.062177826491069,-3.500000000000003"
          />
        </g>
      </g>
      <g
        className="hexagon-group"
        draggable="true"
        onClick={[Function]}
        onDragEnd={[Function]}
        onDragOver={[Function]}
        onDragStart={[Function]}
        onDrop={[Function]}
        onMouseEnter={[Function]}
        onMouseLeave={[Function]}
        onMouseOver={[Function]}
        transform="translate(-37.26942656436875, 25)"
      >
        <g
          className="hexagon"
        >
          <polygon
            fill={null}
            points="6.062177826491071,3.4999999999999996 4.286263797015736e-16,7 -6.062177826491071,3.4999999999999996 -6.062177826491071,-3.4999999999999982 -1.2858791391047208e-15,-7 6.062177826491069,-3.500000000000003"
          />
        </g>
      </g>
    </g>
  </svg>
</div>
`;
